semantic_misc Summary:
AST Parsed     : 86/86 (100.00%)
Positive Passed: 86/86 (100.00%)
Negative Passed: 273/273 (100.00%)
tests/coverage/misc/fail/await-expr-in-block-in-class-static-block.mjs:4:7: 'await' is not allowed in a class static block
tests/coverage/misc/fail/commonjs-export-statement.cjs:2:1: 'export' is only valid in module code
tests/coverage/misc/fail/commonjs-import-meta.cjs:2:12: 'import.meta' is only valid in module code
tests/coverage/misc/fail/commonjs-import-statement.cjs:2:1: 'import' is only valid in module code
tests/coverage/misc/fail/commonjs-top-level-await.cjs:2:1: Top-level 'await' is only valid in module code
tests/coverage/misc/fail/diff-markers.js:10:1: Unexpected token '<<'
tests/coverage/misc/fail/early_errors/001_duplicate_proto_object_literal.js:4:29: Redefinition of __proto__ property
tests/coverage/misc/fail/early_errors/002_let_let_in_strict.js:4:5: 'let' is a reserved identifier in strict mode
tests/coverage/misc/fail/early_errors/003_const_without_initializer.js:4:1: Missing initializer in 'const' declaration
tests/coverage/misc/fail/early_errors/004_duplicate_lexical_declaration.js:3:1: Identifier 'x' has already been declared
tests/coverage/misc/fail/early_errors/005_duplicate_function_params_strict.js:4:1: Duplicate parameter name 'a' in strict mode
tests/coverage/misc/fail/early_errors/006_octal_literal_strict.js:4:11: Legacy octal literals are not allowed in strict mode
tests/coverage/misc/fail/early_errors/007_assign_to_eval_strict.js:4:1: Assignment to 'eval' is not allowed in strict mode
tests/coverage/misc/fail/early_errors/008_return_outside_function.js:4:8: 'return' outside of function
tests/coverage/misc/fail/early_errors/009_break_without_label.js:4:1: 'break' must be inside a loop or switch
tests/coverage/misc/fail/early_errors/010_super_outside_method.js:3:1: 'super' property access is only valid inside a method
tests/coverage/misc/fail/early_errors/011_await_outside_async.js:4:23: 'await' is only allowed within async functions and at the top levels of modules
tests/coverage/misc/fail/early_errors/012_unicode_escape_hex_too_big.js:3:14: Invalid \u{} escape: code point out of range [0..0x10FFFF]
tests/coverage/misc/fail/early_errors/013_hex_escape_too_short.js:3:14: Invalid \x escape: expected 2 hex digits
tests/coverage/misc/fail/early_errors/014_unicode_escape_too_short.js:3:14: Invalid \u escape: expected 4 hex digits
tests/coverage/misc/fail/early_errors/015_unterminated_template.js:3:1: Expected template literal continuation
tests/coverage/misc/fail/early_errors/016_digit_start_identifier.js:4:7: Expected binding pattern
tests/coverage/misc/fail/early_errors/module_context/001_export_in_script.cjs:2:1: 'export' is only valid in module code
tests/coverage/misc/fail/early_errors/module_context/002_import_in_script.cjs:2:1: 'import' is only valid in module code
tests/coverage/misc/fail/early_errors/module_context/003_top_level_await_in_script.cjs:2:1: Top-level 'await' is only valid in module code
tests/coverage/misc/fail/early_errors/module_context/004_import_meta_in_script.cjs:2:29: 'import.meta' is only valid in module code
tests/coverage/misc/fail/early_errors/module_context/005_await_in_module_non_async_function.js:3:12: 'await' is only allowed within async functions and at the top levels of modules
tests/coverage/misc/fail/early_errors/strict_mode/001_reserved_implements.js:2:5: 'implements' is a reserved identifier in strict mode
tests/coverage/misc/fail/early_errors/strict_mode/002_reserved_interface.js:2:5: 'interface' is a reserved identifier in strict mode
tests/coverage/misc/fail/early_errors/strict_mode/003_reserved_package.js:2:5: 'package' is a reserved identifier in strict mode
tests/coverage/misc/fail/early_errors/strict_mode/004_reserved_private.js:2:5: 'private' is a reserved identifier in strict mode
tests/coverage/misc/fail/early_errors/strict_mode/005_reserved_protected.js:2:5: 'protected' is a reserved identifier in strict mode
tests/coverage/misc/fail/early_errors/strict_mode/006_reserved_public.js:2:5: 'public' is a reserved identifier in strict mode
tests/coverage/misc/fail/early_errors/strict_mode/007_reserved_static.js:2:5: 'static' is a reserved identifier in strict mode
tests/coverage/misc/fail/early_errors/strict_mode/008_reserved_yield.js:2:5: 'yield' is a reserved identifier in strict mode
tests/coverage/misc/fail/early_errors/strict_mode/009_duplicate_params_strict_nested.js:3:5: Duplicate parameter name 'a' in strict mode
tests/coverage/misc/fail/early_errors/strict_mode/010_eval_arguments_assignment.js:2:1: Assignment to 'eval' is not allowed in strict mode
tests/coverage/misc/fail/early_errors/strict_mode/011_with_statement.js:4:1: 'with' statements are not allowed in strict mode
tests/coverage/misc/fail/early_errors/strict_mode/012_octal_escape_string.js:6:14: Octal or \8 / \9 escape sequences are not allowed in strict mode
tests/coverage/misc/fail/early_errors/strict_mode/013_octal_escape_template.js:8:20: Invalid escape sequence in template literal
tests/coverage/misc/fail/early_errors/strict_mode/014_update_eval_arguments.js:5:1: Update of 'eval' is not allowed in strict mode
tests/coverage/misc/fail/early_errors/strict_mode/015_delete_identifier.js:6:1: Deleting an unqualified identifier is not allowed in strict mode
tests/coverage/misc/fail/early_errors/strict_mode/016_function_name_eval.js:5:10: Function name 'eval' is reserved in strict mode
tests/coverage/misc/fail/early_errors/strict_mode/017_labeled_function_declaration.js:8:1: Function declarations cannot be labeled items in strict mode
tests/coverage/misc/fail/early_errors/strict_mode/018_escaped_strict_reserved.js:10:5: Keyword 'let' must not contain escaped characters
tests/coverage/misc/fail/early_errors/strict_mode/019_for_var_init_in_strict.js:7:6: for-in loop variable declaration may not have an initializer
tests/coverage/misc/fail/export-equal-with-normal-export.ts:1:1: An export assignment cannot be used in a module with other exported elements.
tests/coverage/misc/fail/html-comment-in-module.mjs:1:2: Expected '>', got '!'
tests/coverage/misc/fail/html-comment-with-esm.js:1:1: HTML comments are not allowed in modules
tests/coverage/misc/fail/imbalanced-array-expr.js:2:1: Expected ']', got 'const'
tests/coverage/misc/fail/imbalanced-call-expr.js:2:1: Expected ')', got 'const'
tests/coverage/misc/fail/imbalanced-enum-expr.ts:4:1: Expected '}', got 'const'
tests/coverage/misc/fail/imbalanced-export-expr.js:3:1: Expected '}', got 'const'
tests/coverage/misc/fail/imbalanced-import-decl-attr.js:1:44: Expected '}', got ';'
tests/coverage/misc/fail/imbalanced-import-decl.js:1:15: Expected '}', got string literal
tests/coverage/misc/fail/imbalanced-index-signature-decl.ts:2:15: Expected ']', got ':'
tests/coverage/misc/fail/imbalanced-new-expr.js:2:1: Expected ')', got 'const'
tests/coverage/misc/fail/imbalanced-object-expr.js:2:1: Expected '}', got 'const'
tests/coverage/misc/fail/imbalanced-parenthesized-expr.js:1:30: Expected ')', got ';'
tests/coverage/misc/fail/imbalanced-tuple-type.ts:3:1: Expected ']', got 'const'
tests/coverage/misc/fail/import-defer-without-from.js:1:14: Expected 'from', got string literal
tests/coverage/misc/fail/import-equals-this.ts:2:12: Expected identifier in import-equals module reference
tests/coverage/misc/fail/import-from-str.js:1:13: Expected 'from', got string literal
tests/coverage/misc/fail/import-source-non-from.js:1:19: Expected 'from', got identifier 'bar'
tests/coverage/misc/fail/import-source-without-from.js:1:15: Expected 'from', got string literal
tests/coverage/misc/fail/import-type-mixed-empty.ts:3:18: A type-only import cannot combine default and named bindings
tests/coverage/misc/fail/import-type-mixed-star.ts:3:16: A type-only import cannot combine default and named bindings
tests/coverage/misc/fail/import-type-source-not-string.ts:3:25: String literal expected in import type
tests/coverage/misc/fail/import-type-without-from.ts:1:13: Expected 'from', got string literal
tests/coverage/misc/fail/import-without-from.js:1:16: Expected 'from', got string literal
tests/coverage/misc/fail/jsx-like-in-js.js:1:24: Expected '>', got ';'
tests/coverage/misc/fail/kessel-ts2300-class-field-method.ts:8:3: Duplicate identifier 'a'.
tests/coverage/misc/fail/kessel-ts2391-fn-decl-no-impl.ts:7:1: Function implementation name must be 'foo'.
tests/coverage/misc/fail/kessel-ts2393-class-method-dup.ts:7:3: Duplicate identifier 'b'.
tests/coverage/misc/fail/kessel-ts2393-fn-impl-dup.ts:5:1: Duplicate function implementation
tests/coverage/misc/fail/let-member-expression.js:4:1: 'let' is a reserved identifier in strict mode
tests/coverage/misc/fail/minus-yield-100.js:1:37: 'yield' expression cannot be the operand of a unary operator
tests/coverage/misc/fail/missing-conditional-alternative-type.ts:2:1: Expected ':', got end of input
tests/coverage/misc/fail/missing-conditional-alternative.js:2:1: Expected ':', got end of input
tests/coverage/misc/fail/negative/001_unterminated_string.js:2:11: Unterminated string literal
tests/coverage/misc/fail/negative/002_missing_closing_paren.js:2:7: Expected ')', got '{'
tests/coverage/misc/fail/negative/003_missing_closing_brace.js:4:1: Expected '}' at end of function body
tests/coverage/misc/fail/negative/004_invalid_token.js:2:12: Decorators can only be applied to class expressions
tests/coverage/misc/fail/negative/005_duplicate_else.js:2:19: Unexpected 'else' without matching 'if'
tests/coverage/misc/fail/negative/006_invalid_lhs_assignment.js:2:7: Cannot assign to this expression
tests/coverage/misc/fail/negative/007_unterminated_regex.js:2:10: Unterminated regular expression
tests/coverage/misc/fail/negative/008_bare_function_expression.js:2:9: Function declaration requires a name
tests/coverage/misc/fail/negative/009_unexpected_token_after_return.js:2:1: Unexpected '}' — unmatched closing brace
tests/coverage/misc/fail/negative/010_reserved_word_as_var.js:2:5: 'class' is a reserved word and cannot be used as a binding name
tests/coverage/misc/fail/negative/011_duplicate_default_in_switch.js:10:1: More than one default clause in switch
tests/coverage/misc/fail/negative/012_duplicate_label.js:5:9: Label 'outer' has already been declared
tests/coverage/misc/fail/negative/013_break_unknown_label.js:6:8: Undefined label 'bar'
tests/coverage/misc/fail/negative/014_duplicate_private_class_member.js:7:2: Duplicate private name '#x'
tests/coverage/misc/fail/negative/015_for_await_outside_async.js:8:12: 'for await' is only valid in async functions or at the top level of a module
tests/coverage/misc/fail/negative/016_let_as_lexical_name.js:6:1: 'let' is disallowed as a lexically bound name
tests/coverage/misc/fail/negative/017_static_prototype_class_member.js:9:1: Classes may not have a static member named 'prototype'
tests/coverage/misc/fail/negative/018_private_identifier_outside_class.js:6:9: Private identifier can only appear as the LHS of an 'in' expression or as a class member
tests/coverage/misc/fail/negative/019_new_dynamic_import.js:3:5: Dynamic 'import()' cannot be invoked with 'new'
tests/coverage/misc/fail/negative/020_duplicate_destructured_params.js:6:1: Duplicate parameter name 'a' with non-simple parameter list
tests/coverage/misc/fail/negative/021_arrow_duplicate_params.js:4:11: Duplicate parameter name 'a' in strict mode
tests/coverage/misc/fail/negative/022_yield_as_binding_in_generator.js:5:6: 'yield' is reserved as a binding name in a generator
tests/coverage/misc/fail/negative/023_await_as_binding_in_async.js:6:6: 'await' is reserved as a binding name in this context
tests/coverage/misc/fail/negative/024_new_target_outside_function.js:4:21: 'new.target' is only allowed inside functions
tests/coverage/misc/fail/negative/025_legacy_octal_bigint.js:6:13: BigInt literal cannot use legacy octal / non-octal-decimal form
tests/coverage/misc/fail/negative/026_class_named_strict_reserved.js:8:7: 'let' is a reserved identifier and cannot be a class name
tests/coverage/misc/fail/negative/027_rest_trailing_comma.js:4:16: Rest element may not have a trailing comma
tests/coverage/misc/fail/negative/028_delete_private_field.js:8:3: Private fields cannot be deleted
tests/coverage/misc/fail/negative/028_for_await_script_top_level.js:2:11: Top-level 'for await' is only valid in module code
tests/coverage/misc/fail/negative/029_throw_line_terminator.js:6:2: Illegal newline after 'throw'
tests/coverage/misc/fail/negative/030_duplicate_constructor.js:9:1: Multiple constructor implementations are not allowed
tests/coverage/misc/fail/negative/031_super_call_in_non_derived_constructor.js:7:8: 'super' call is only allowed in the constructor of a derived class
tests/coverage/misc/fail/negative/032_super_call_in_non_constructor_method.js:10:8: 'super' call is only allowed in the constructor of a derived class
tests/coverage/misc/fail/negative/033_escaped_keyword_as_keyword.js:11:1: Keyword 'if' must not contain escaped characters
tests/coverage/misc/fail/negative/034_escaped_keyword_as_binding.js:9:5: Keyword 'var' must not contain escaped characters
tests/coverage/misc/fail/negative/035_arrow_line_terminator_before_arrow.js:10:1: Unexpected line terminator before '=>' (restricted production)
tests/coverage/misc/fail/negative/036_continue_non_iteration_label.js:13:12: 'continue' must target an iteration label, 'foo' does not
tests/coverage/misc/fail/negative/037_tagged_template_on_optional_chain.js:8:10: Tagged template literals cannot appear in an optional chain
tests/coverage/misc/fail/negative/038_for_in_assignment_lhs.js:12:15: Invalid left-hand side in for-in loop
tests/coverage/misc/fail/negative/039_for_of_assignment_lhs.js:7:15: Invalid left-hand side in for-of loop
tests/coverage/misc/fail/negative/040_duplicate_import_binding.js:11:1: Duplicate import binding 'a'
tests/coverage/misc/fail/negative/041_yield_in_generator_params.js:10:23: 'yield' expression is not allowed in formal parameters of a generator
tests/coverage/misc/fail/negative/042_yield_expr_outside_generator.js:8:1: 'yield' expression is only allowed in a generator body
tests/coverage/misc/fail/negative/043_yield_expr_in_plain_function.js:7:10: 'yield' expression is only allowed in a generator body
tests/coverage/misc/fail/negative/044_await_in_async_arrow_params.js:7:12: 'await' expression is not allowed in formal parameters of an async function
tests/coverage/misc/fail/negative/045_await_in_async_function_params.js:8:22: 'await' expression is not allowed in formal parameters of an async function
tests/coverage/misc/fail/negative/046_await_in_async_method_params.js:7:15: 'await' expression is not allowed in formal parameters of an async function
tests/coverage/misc/fail/negative/047_await_in_non_async_arrow_params.js:9:15: 'await' is not allowed in arrow function parameters
tests/coverage/misc/fail/negative/048_yield_in_arrow_params.js:8:15: 'yield' is not allowed in arrow function parameters
tests/coverage/misc/fail/negative/050_for_let_init_in.js:5:6: for-in loop variable declaration may not have an initializer
tests/coverage/misc/fail/negative/051_for_var_init_of.js:5:6: for-of loop variable declaration may not have an initializer
tests/coverage/misc/fail/negative/052_for_var_multiple_declarators_in.js:5:6: Only a single declaration is allowed in a for-in loop
tests/coverage/misc/fail/negative/053_for_var_destructuring_init_in.js:5:6: for-in loop variable declaration may not have an initializer
tests/coverage/misc/fail/negative/054_export_undefined_local.js:6:10: Export 'foo' is not defined in the module
tests/coverage/misc/fail/negative/055_export_string_local_without_from.js:6:10: A string literal cannot be used as an exported binding without `from`
tests/coverage/misc/fail/negative/056_regex_duplicate_flags.js:4:17: Duplicate regular expression flag
tests/coverage/misc/fail/negative/057_regex_invalid_flag.js:3:16: Invalid regular expression flag
tests/coverage/misc/fail/negative/058_regex_uv_mutually_exclusive.js:5:16: Regular expression flags 'u' and 'v' are mutually exclusive
tests/coverage/misc/fail/negative/059_regex_unmatched_paren.js:4:15: Unmatched ')' in regular expression
tests/coverage/misc/fail/negative/060_regex_unterminated_group.js:3:12: Unterminated group in regular expression
tests/coverage/misc/fail/negative/061_semantic_duplicate_lexical.js:8:1: 'x' has already been declared
tests/coverage/misc/fail/negative/062_semantic_let_var_clash.js:9:1: Identifier 'x' has already been declared
tests/coverage/misc/fail/negative/063_semantic_import_shadow.js:8:1: 'x' has already been declared
tests/coverage/misc/fail/negative/064_unparenthesized_arrow_operand.js:1:10: Arrow function cannot be used as an unparenthesized operand
tests/coverage/misc/fail/negative/066_arrow_rest_not_last.js:2:1: Rest parameter must be last in arrow function parameters
tests/coverage/misc/fail/negative/067_object_rest_trailing_comma.js:1:14: Rest property may not have a trailing comma
tests/coverage/misc/fail/negative/068_object_rest_pattern.js:1:14: Rest property may not be a binding pattern
tests/coverage/misc/fail/negative/069_unparenthesized_arrow_rhs.js:2:1: Arrow function cannot be used as an unparenthesized operand
tests/coverage/misc/fail/negative/070_unparenthesized_arrow_unary_operand.js:2:1: Arrow function cannot be used as an unparenthesized operand
tests/coverage/misc/fail/negative/071_label_let_declaration.js:2:1: Lexical declaration cannot be a labeled item
tests/coverage/misc/fail/negative/072_private_in_additive_rhs.js:4:9: Private identifier can only appear as the LHS of an 'in' expression or as a class member
tests/coverage/misc/fail/negative/073_private_in_no_in_context.js:4:18: Private identifier can only appear as the LHS of an 'in' expression or as a class member
tests/coverage/misc/fail/negative/074_private_in_await_operand.js:4:11: Private identifier can only appear as the LHS of an 'in' expression or as a class member
tests/coverage/misc/fail/negative/075_arrow_member_binding_target.js:2:1: Member expression cannot be used as a binding target
tests/coverage/misc/fail/negative/numeric_literals/001_separator_leading.js:2:16: Numeric separator not allowed here
tests/coverage/misc/fail/negative/numeric_literals/002_separator_trailing.js:2:16: Numeric separator not allowed here
tests/coverage/misc/fail/negative/numeric_literals/003_separator_double.js:2:17: Numeric separator must be between two digits
tests/coverage/misc/fail/negative/numeric_literals/004_bigint_decimal_point.js:2:18: BigInt literal cannot contain a decimal point
tests/coverage/misc/fail/negative/numeric_literals/005_bigint_exponent.js:2:18: BigInt literal cannot contain an exponent
tests/coverage/misc/fail/negative/numeric_literals/006_invalid_binary_digit.js:2:17: Expected semicolon
tests/coverage/misc/fail/negative/numeric_literals/007_legacy_octal_float.js:1:5: Legacy octal / non-octal-decimal literal cannot contain a decimal point
tests/coverage/misc/fail/negative/numeric_literals/008_legacy_bigint.js:1:4: BigInt literal cannot use legacy octal / non-octal-decimal form
tests/coverage/misc/fail/negative/regex_literals/001_unclosed_class.js:2:11: Unterminated regular expression
tests/coverage/misc/fail/negative/regex_literals/002_bad_quantifier.js:2:11: Unterminated regular expression
tests/coverage/misc/fail/negative/regex_literals/003_bad_group.js:2:11: Unterminated regular expression
tests/coverage/misc/fail/negative/regex_literals/004_duplicate_flags.js:2:11: Unterminated regular expression
tests/coverage/misc/fail/negative/regex_literals/005_invalid_unicode_escape.js:2:11: Unterminated regular expression
tests/coverage/misc/fail/negative/regex_literals/006_trailing_backslash.js:2:11: Unterminated regular expression
tests/coverage/misc/fail/negative/truncation/001_array_eof.js:2:23: Expected ']', got ';'
tests/coverage/misc/fail/negative/truncation/002_object_eof.js:2:27: Unexpected ';' in object literal
tests/coverage/misc/fail/negative/truncation/003_function_params_eof.js:3:1: Expected ')', got end of input
tests/coverage/misc/fail/negative/truncation/004_function_body_eof.js:4:1: Expected '}' at end of function body
tests/coverage/misc/fail/negative/truncation/005_class_body_eof.js:6:1: Expected '}' at end of class body
tests/coverage/misc/fail/negative/truncation/006_call_args_eof.js:3:1: Expected ')', got end of input
tests/coverage/misc/fail/negative/truncation/007_member_chain_eof.js:3:1: Expected ']', got end of input
tests/coverage/misc/fail/negative/truncation/008_optional_chain_eof.js:3:1: Unexpected token after ?.
tests/coverage/misc/fail/negative/truncation/009_template_substitution_eof.js:2:28: Expected template literal continuation
tests/coverage/misc/fail/negative/truncation/010_jsx_tag_eof.js:3:1: Expected '>', got end of input
tests/coverage/misc/fail/oxc-10159.js:1:38: Identifier 'b' has already been declared
tests/coverage/misc/fail/oxc-10638.js:2:1: Unexpected reserved word 'in'
tests/coverage/misc/fail/oxc-10639.js:1:1: Unexpected token '<<'
tests/coverage/misc/fail/oxc-10977.ts:1:9: Expected type after ':'
tests/coverage/misc/fail/oxc-11453.js:2:1: Unexpected 'import' after 'export'. Only 'export import X = ...' (TypeScript) is valid here.
tests/coverage/misc/fail/oxc-11472.js:1:7: Decorators may not appear after 'export' or 'export default' if they also appear before 'export'
tests/coverage/misc/fail/oxc-11484.ts:2:1: Expected 'from', got end of input
tests/coverage/misc/fail/oxc-11485.js:2:10: Expected binding pattern
tests/coverage/misc/fail/oxc-11485.ts:2:10: Decorators are not valid here
tests/coverage/misc/fail/oxc-11487.cjs:1:13: 'await' cannot be used as an async arrow parameter
tests/coverage/misc/fail/oxc-11487.mjs:1:13: 'await' cannot be used as an async arrow parameter
tests/coverage/misc/fail/oxc-11532.js:1:15: Expected 'from', got '{'
tests/coverage/misc/fail/oxc-11538.js:1:20: Expected template literal continuation
tests/coverage/misc/fail/oxc-11592-1.ts:1:11: Expected semicolon
tests/coverage/misc/fail/oxc-11592-2.ts:1:11: Expected semicolon
tests/coverage/misc/fail/oxc-11592-3.ts:1:12: Expected `{` but found `;`
tests/coverage/misc/fail/oxc-11713-1.ts:2:2: 'abstract' modifier cannot appear on a type member
tests/coverage/misc/fail/oxc-11713-10.ts:2:2: 'async' modifier cannot appear on a type member
tests/coverage/misc/fail/oxc-11713-11.ts:2:2: 'const' modifier cannot appear on a type member
tests/coverage/misc/fail/oxc-11713-12.ts:2:2: 'const' modifier cannot appear on a type member
tests/coverage/misc/fail/oxc-11713-13.ts:2:3: 'const' modifier cannot appear on an index signature
tests/coverage/misc/fail/oxc-11713-14.ts:2:2: 'const' modifier cannot appear on an index signature
tests/coverage/misc/fail/oxc-11713-15.ts:2:2: 'declare' modifier cannot appear on a type member
tests/coverage/misc/fail/oxc-11713-16.ts:2:2: 'declare' modifier cannot appear on a type member
tests/coverage/misc/fail/oxc-11713-17.ts:2:2: 'default' modifier cannot appear on a type member
tests/coverage/misc/fail/oxc-11713-18.ts:2:2: 'default' modifier cannot appear on a type member
tests/coverage/misc/fail/oxc-11713-19.ts:2:2: 'default' modifier cannot appear on an index signature
tests/coverage/misc/fail/oxc-11713-2.ts:2:2: 'static' modifier cannot appear on a type member
tests/coverage/misc/fail/oxc-11713-20.ts:2:2: 'default' modifier cannot appear on an index signature
tests/coverage/misc/fail/oxc-11713-21.ts:2:2: 'export' modifier cannot appear on a type member
tests/coverage/misc/fail/oxc-11713-22.ts:2:2: 'export' modifier cannot appear on a type member
tests/coverage/misc/fail/oxc-11713-23.ts:2:18: 'readonly' modifier can only appear on a property declaration or index signature
tests/coverage/misc/fail/oxc-11713-24.ts:2:20: 'declare' modifier cannot be used here
tests/coverage/misc/fail/oxc-11713-25.ts:2:18: 'readonly' modifier can only appear on a property declaration
tests/coverage/misc/fail/oxc-11713-26.ts:1:32: 'readonly' modifier cannot appear on a parameter
tests/coverage/misc/fail/oxc-11713-27.ts:1:38: Parameter property modifiers are only allowed in constructors
tests/coverage/misc/fail/oxc-11713-3.ts:1:31: 'private' modifier cannot appear on a parameter
tests/coverage/misc/fail/oxc-11713-4.ts:2:23: 'declare' modifier cannot be used here
tests/coverage/misc/fail/oxc-11713-5.ts:2:2: 'abstract' modifier cannot appear on a type member
tests/coverage/misc/fail/oxc-11713-6.ts:2:2: 'abstract' modifier cannot appear on a type member
tests/coverage/misc/fail/oxc-11713-7.ts:2:2: 'accessor' modifier cannot appear on a type member
tests/coverage/misc/fail/oxc-11713-8.ts:2:2: 'accessor' modifier cannot appear on a type member
tests/coverage/misc/fail/oxc-11713-9.ts:2:2: 'async' modifier cannot appear on a type member
tests/coverage/misc/fail/oxc-11789-1.ts:1:13: Type parameter list cannot be empty
tests/coverage/misc/fail/oxc-11789-2.ts:1:13: Type parameter list cannot be empty
tests/coverage/misc/fail/oxc-12546-1.ts:1:25: Expected interface name after 'extends'
tests/coverage/misc/fail/oxc-12546-2.ts:1:21: Expected expression after 'extends'
tests/coverage/misc/fail/oxc-12612-1.ts:1:16: Cannot assign to this expression
tests/coverage/misc/fail/oxc-12612-2.ts:1:14: Cannot assign to this expression
tests/coverage/misc/fail/oxc-12612-3.ts:1:23: Cannot assign to this expression
tests/coverage/misc/fail/oxc-12612-4.ts:1:26: Cannot assign to this expression
tests/coverage/misc/fail/oxc-12816.ts:1:5: Expected expression in 'if' condition
tests/coverage/misc/fail/oxc-13284-1.js:2:6: 'super' call is only allowed in the constructor of a derived class
tests/coverage/misc/fail/oxc-13284-2.js:2:1: 'super' property access is only valid inside a method
tests/coverage/misc/fail/oxc-13323.js:3:5: 'super' property access is only valid inside a method
tests/coverage/misc/fail/oxc-13617-1.ts:1:5: Expected expression after operator
tests/coverage/misc/fail/oxc-13617-2.ts:1:9: Expected expression after operator
tests/coverage/misc/fail/oxc-13617-3.ts:1:26: Type argument list cannot be empty
tests/coverage/misc/fail/oxc-13617-4.ts:1:16: Type argument list cannot be empty
tests/coverage/misc/fail/oxc-14013.ts:2:20: Abstract property cannot have an initializer
tests/coverage/misc/fail/oxc-14014.ts:3:1: Class field cannot be named 'constructor'
tests/coverage/misc/fail/oxc-14944.ts:1:25: Expected '{', got ';'
tests/coverage/misc/fail/oxc-16077.ts:1:33: A parameter property may not be declared using a binding pattern
tests/coverage/misc/fail/oxc-169.js:2:1: Expected expression after operator
tests/coverage/misc/fail/oxc-18231.mjs:2:10: 'f' has already been declared
tests/coverage/misc/fail/oxc-1942-1.ts:2:8: Expected `(` but found `:`
tests/coverage/misc/fail/oxc-1942-2.ts:2:8: Expected `(` but found `:`
tests/coverage/misc/fail/oxc-2144.js:2:8: A class declaration without the 'default' modifier must have a name.
tests/coverage/misc/fail/oxc-22157.js:2:6: Array literal cannot be a computed class member name
tests/coverage/misc/fail/oxc-2253.ts:1:8: Expected '=', ',', or ';' after variable binding
tests/coverage/misc/fail/oxc-232.js:2:1: Empty parenthesized expression
tests/coverage/misc/fail/oxc-2394.ts:20:22: Expected 'with' in import type options
tests/coverage/misc/fail/oxc-3528.jsx:1:25: Expected corresponding JSX closing tag for 'Apple'.
tests/coverage/misc/fail/oxc-3948.ts:2:14: Expected '}', got identifier 'foo'
tests/coverage/misc/fail/oxc-4111-1.js:1:19: Type assertions can only be used in TypeScript files
tests/coverage/misc/fail/oxc-4212-1.ts:1:17: Expected '(', got identifier 'enum'
tests/coverage/misc/fail/oxc-4449-1.ts:1:16: Computed property names are not allowed in enums
tests/coverage/misc/fail/oxc-4449-2.ts:1:14: Computed property names are not allowed in enums
tests/coverage/misc/fail/oxc-4449-3.ts:1:10: An enum member cannot have a numeric name
tests/coverage/misc/fail/oxc-4449-4.ts:1:25: Computed property names are not allowed in enums
tests/coverage/misc/fail/oxc-4449-5.ts:1:11: Enum member expected
tests/coverage/misc/fail/oxc-4449-6.ts:2:1: Computed property names are not allowed in enums
tests/coverage/misc/fail/oxc-5036.js:2:11: Label 'Test' has already been declared
tests/coverage/misc/fail/oxc-5177.ts:5:1: An 'accessor' property cannot be declared optional
tests/coverage/misc/fail/oxc-5355.jsx:1:14: Identifiers in JSX cannot contain hyphens
tests/coverage/misc/fail/oxc-5955-1.ts:1:8: Expected '=', ',', or ';' after variable binding
tests/coverage/misc/fail/oxc-5955-2.ts:3:8: Expected '}', got '?'
tests/coverage/misc/fail/oxc-5955-3.ts:2:18: An index signature must have a type annotation
tests/coverage/misc/fail/oxc-7582.js:4:9: Private field '#x' must be declared in an enclosing class
tests/coverage/misc/fail/oxc-9497.js:2:10: Unexpected token after ?.
tests/coverage/misc/fail/oxc-9525-1.js:1:4: Unexpected token after ?.
tests/coverage/misc/fail/oxc-9525-2.js:1:5: Unexpected token after ?.
tests/coverage/misc/fail/oxc-9525-3.js:3:1: Unexpected token after ?.
tests/coverage/misc/fail/script-top-level-using.cjs:2:7: 'using' declaration is not allowed at the top level of a script
tests/coverage/misc/fail/semantic-for-await-in-block-in-static-block.mjs:4:17: 'for await' loops cannot be used inside a class static block
tests/coverage/misc/fail/switch-invalid-clause.js:2:3: Expected 'case' or 'default' in switch
